../src/USB.h:46:7:USBHandler::USBHandler()	16	static
../src/interrupts.h:1:6:void SysTick_Handler()	0	static
../src/interrupts.h:6:6:void TIM3_IRQHandler()	8	static
../src/interrupts.h:13:6:void USB_LP_IRQHandler()	8	static
../src/interrupts.h:17:6:void NMI_Handler()	0	static
../src/interrupts.h:19:6:void HardFault_Handler()	0	static
../src/interrupts.h:23:6:void MemManage_Handler()	0	static
../src/interrupts.h:27:6:void BusFault_Handler()	0	static
../src/interrupts.h:31:6:void UsageFault_Handler()	0	static
../src/interrupts.h:35:6:void SVC_Handler()	0	static
../src/interrupts.h:37:6:void DebugMon_Handler()	0	static
../src/interrupts.h:39:6:void PendSV_Handler()	0	static
../src/main.cpp:23:5:int main()	8	static
../src/main.cpp:47:1:cpp)	32	static
../src/main.cpp:47:1:cpp)	8	static
