../src/USB.cpp:32:6:void USBHandler::ReadPMA(uint16_t, uint16_t)	4	static
../src/USB.cpp:48:6:void USBHandler::WritePMA(uint16_t, uint16_t)	0	static
../src/USB.cpp:125:6:void USBHandler::EPStartXfer(Direction, uint8_t, uint32_t)	16	static
../src/USB.cpp:286:6:void USBHandler::InitUSB()	0	static,ignoring_inline_asm
../src/USB.cpp:303:6:void USBHandler::ActivateEndpoint(uint8_t, Direction, EndPointType, uint16_t)	8	static
../src/USB.cpp:427:6:void USBHandler::StringToTxBuff(const char*)	4	static
../src/USB.cpp:443:6:void USBHandler::IntToUnicode(uint32_t, uint8_t*, uint8_t)	0	static
../src/USB.cpp:344:6:void USBHandler::GetDescriptor()	16	static
../src/USB.cpp:58:6:void USBHandler::ProcessSetupPacket()	24	static
../src/USB.cpp:152:6:void USBHandler::USBInterruptHandler()	48	static
../src/USB.cpp:458:6:bool USBHandler::ReadInterrupts(uint32_t)	0	static
../src/USB.cpp:473:6:void USBHandler::SendData(const uint8_t*, uint16_t, uint8_t)	8	static
../src/USB.cpp:486:6:void USBHandler::SendString(const char*)	16	static
../src/USB.cpp:496:6:void USBHandler::SendString(std::string)	8	static
